Considering: import/gnucobol/tests/testsuite.src/run_returncode.at:44:0
Considering: import/gnucobol/tests/testsuite.src/run_returncode.at:94:0
Considering: import/gnucobol/tests/testsuite.src/run_returncode.at:95:0
Considering: import/gnucobol/tests/testsuite.src/run_returncode.at:96:0
Considering: import/gnucobol/tests/testsuite.src/run_returncode.at:133:0
