Considering: import/gnucobol/tests/testsuite.src/syn_subscripts.at:88:0
