Considering: import/gnucobol/tests/testsuite.src/syn_move.at:150:0
Considering: import/gnucobol/tests/testsuite.src/syn_move.at:421:0
Considering: import/gnucobol/tests/testsuite.src/syn_move.at:510:0
